-- The C compiler identification is GNU 14.2.0
-- The CXX compiler identification is GNU 14.2.0
-- Detecting C compiler ABI info
-- Detecting C compiler ABI info - done
-- Check for working C compiler: /usr/bin/cc - skipped
-- Detecting C compile features
-- Detecting C compile features - done
-- Detecting CXX compiler ABI info
-- Detecting CXX compiler ABI info - done
-- Check for working CXX compiler: /usr/bin/c++ - skipped
-- Detecting CXX compile features
-- Detecting CXX compile features - done
[1/9] Creating directories for 'juce-populate'
[1/9] Performing download step (git clone) for 'juce-populate'
Cloning into 'juce-src'...
fatal: unable to access 'https://github.com/juce-framework/JUCE.git/': Could not resolve host: github.com
Cloning into 'juce-src'...
fatal: unable to access 'https://github.com/juce-framework/JUCE.git/': Could not resolve host: github.com
Cloning into 'juce-src'...
fatal: unable to access 'https://github.com/juce-framework/JUCE.git/': Could not resolve host: github.com
Had to git clone more than once: 3 times.
CMake Error at juce-subbuild/juce-populate-prefix/tmp/juce-populate-gitclone.cmake:50 (message):
  Failed to clone repository: 'https://github.com/juce-framework/JUCE.git'


FAILED: juce-populate-prefix/src/juce-populate-stamp/juce-populate-download /tmp/hz11/build/_deps/juce-subbuild/juce-populate-prefix/src/juce-populate-stamp/juce-populate-download 
cd /tmp/hz11/build/_deps && /usr/bin/cmake -DCMAKE_MESSAGE_LOG_LEVEL=VERBOSE -P /tmp/hz11/build/_deps/juce-subbuild/juce-populate-prefix/tmp/juce-populate-gitclone.cmake && /usr/bin/cmake -E touch /tmp/hz11/build/_deps/juce-subbuild/juce-populate-prefix/src/juce-populate-stamp/juce-populate-download
ninja: build stopped: subcommand failed.

CMake Error at /usr/share/cmake-3.31/Modules/FetchContent.cmake:1918 (message):
  Build step for juce failed: 1
Call Stack (most recent call first):
  /usr/share/cmake-3.31/Modules/FetchContent.cmake:1609 (__FetchContent_populateSubbuild)
  /usr/share/cmake-3.31/Modules/FetchContent.cmake:2145:EVAL:2 (__FetchContent_doPopulation)
  /usr/share/cmake-3.31/Modules/FetchContent.cmake:2145 (cmake_language)
  /usr/share/cmake-3.31/Modules/FetchContent.cmake:2384 (__FetchContent_Populate)
  CMakeLists.txt:15 (FetchContent_MakeAvailable)


-- Configuring incomplete, errors occurred!
